// Jest Snapshot v1, https://goo.gl/fbAQLP

exports[`<Divider /> renders correctly 1`] = `
<View
  style={
    {
      "alignSelf": "center",
      "backgroundColor": "rgba(0, 0, 0, 0.19)",
      "borderRadius": 5,
      "height": 1,
      "marginVertical": 3,
      "width": "100%",
    }
  }
/>
`;
